Windows PowerShell
Copyright (C) Microsoft Corporation. All rights reserved.
PS C:\Users\korisnik\Documents\My Project\vue.basic> git init
PS C:\Users\korisnik\Documents\My Project\vue.basic> git status
On branch master
No commits yet
  (use "git rm --cached <file>..." to unstage)
        new file:   README.md
        new file:   index.html
        new file:   styles.css
PS C:\Users\korisnik\Documents\My Project\vue.basic> git commit -m "Komita sa poslovnog laptopa"
[master (root-commit) f54874c] Komita sa poslovnog laptopa
 4 files changed, 83 insertions(+)
 create mode 100644 README.md
 create mode 100644 index.html
 create mode 100644 styles.css
PS C:\Users\korisnik\Documents\My Project\vue.basic> git remote     
PS C:\Users\korisnik\Documents\My Project\vue.basic> git remote add 1to6 https://github.com/gobsfn/vue.basic.git
* master
PS C:\Users\korisnik\Documents\My Project\vue.basic> git branch 1to6local
  1to6local
PS C:\Users\korisnik\Documents\My Project\vue.basic> git checkout 1to6local
Switched to branch '1to6local'
PS C:\Users\korisnik\Documents\My Project\vue.basic> git commit -m "Komita sa poslovnog laptopa"
On branch 1to6local
nothing to commit, working tree clean
PS C:\Users\korisnik\Documents\My Project\vue.basic> git status
On branch 1to6local
git: 'staged' is not a git command. See 'git --help'.

The most similar command is
        stage
PS C:\Users\korisnik\Documents\My Project\vue.basic> git stage 
Nothing specified, nothing added.
hint: Maybe you wanted to say 'git add .'?
hint: Turn this message off by running
hint: "git config advice.addEmptyPathspec false"
fatal: repository 'https://github.com/gobsfn/vue.basic.git/' not found
PS C:\Users\korisnik\Documents\My Project\vue.basic> git remote add 1to6 https://github.com/gobsfn/vue2.git
remote: Repository not found.
fatal: repository 'https://github.com/gobsfn/vue.basic.git/' not found
fatal: Could not read from remote repository.

and the repository exists.
PS C:\Users\korisnik\Documents\My Project\vue.basic> git push -u 1-6 1to6local
Enumerating objects: 6, done.
Counting objects: 100% (6/6), done.
Delta compression using up to 8 threads
Compressing objects: 100% (6/6), done.
Writing objects: 100% (6/6), 1.59 KiB | 116.00 KiB/s, done.
Total 6 (delta 0), reused 0 (delta 0), pack-reused 0
To https://github.com/gobsfn/vue2.git
 * [new branch]      1to6local -> 1to6local
branch '1to6local' set up to track '1-6/1to6local'.
PS C:\Users\korisnik\Documents\My Project\vue.basic> git remote add 7-12 https://github.com/gobsfn/vue2.git
PS C:\Users\korisnik\Documents\My Project\vue.basic> git push -u 7-12 1to6local
Everything up-to-date
branch '1to6local' set up to track '7-12/1to6local'.
PS C:\Users\korisnik\Documents\My Project\vue.basic> git branch 7-12local
PS C:\Users\korisnik\Documents\My Project\vue.basic> git checkout 7-12local
Switched to branch '7-12local'
M       README.md
PS C:\Users\korisnik\Documents\My Project\vue.basic> git add .
PS C:\Users\korisnik\Documents\My Project\vue.basic> git commit -m "Od 7 do 12"
[7-12local 0a1db2c] Od 7 do 12
 1 file changed, 0 insertions(+), 0 deletions(-)
PS C:\Users\korisnik\Documents\My Project\vue.basic> git remote add 7-12 https://github.com/gobsfn/vue2.git
error: remote 7-12 already exists.
PS C:\Users\korisnik\Documents\My Project\vue.basic> git push -u 7-12 7-12local
Enumerating objects: 5, done.
Counting objects: 100% (5/5), done.
Delta compression using up to 8 threads
Compressing objects: 100% (3/3), done.
Writing objects: 100% (3/3), 378 bytes | 47.00 KiB/s, done.
Total 3 (delta 1), reused 0 (delta 0), pack-reused 0
remote: Resolving deltas: 100% (1/1), completed with 1 local object.
remote: 
remote: Create a pull request for '7-12local' on GitHub by visiting:
remote:      https://github.com/gobsfn/vue2/pull/new/7-12local
remote:
To https://github.com/gobsfn/vue2.git
 * [new branch]      7-12local -> 7-12local
branch '7-12local' set up to track '7-12/7-12local'.
PS C:\Users\korisnik\Documents\My Project\vue.basic> 